readme1aaJS2024
C:\Users\User\Documents\1aaJS2024
Created new local repo & linked to remote repo
1aaJS2024
GitHub hnpma h2023sep15@outlook.com
10:18 AM 7/24/2024





/////////////////////////////////////////////////


Created new local repo & linked to remote repo
1aaJS2024
GitHub hnpma h2023sep15@outlook.com
10:18 AM 7/24/2024
because JS2024practice08 displayed


fatal: refusing to merge unrelated histories

User@LAPTOP-51V5C2DB MINGW64 ~/Documents/JS2024practice08 (main)
$ cd ..

User@LAPTOP-51V5C2DB MINGW64 ~/Documents (master)
$ cd 1aaJS2024

User@LAPTOP-51V5C2DB MINGW64 ~/Documents/1aaJS2024 (master)
$ ls
readme1aaJS2024.txt

User@LAPTOP-51V5C2DB MINGW64 ~/Documents/1aaJS2024 (master)
$ git init
Initialized empty Git repository in C:/Users/User/Documents/1aaJS2024/.git/

User@LAPTOP-51V5C2DB MINGW64 ~/Documents/1aaJS2024 (master)
$ git add .

User@LAPTOP-51V5C2DB MINGW64 ~/Documents/1aaJS2024 (master)
$ git commit -m "initial commit"
[master (root-commit) 26cf667] initial commit
 1 file changed, 11 insertions(+)
 create mode 100644 readme1aaJS2024.txt

User@LAPTOP-51V5C2DB MINGW64 ~/Documents/1aaJS2024 (master)
$ git remote add origin https://github.com/hnpma/1aaJS2024.git                  
User@LAPTOP-51V5C2DB MINGW64 ~/Documents/1aaJS2024 (master)
$ git status
On branch master
nothing to commit, working tree clean

User@LAPTOP-51V5C2DB MINGW64 ~/Documents/1aaJS2024 (master)
$ git branch -M main

User@LAPTOP-51V5C2DB MINGW64 ~/Documents/1aaJS2024 (main)
$ git push -u origin main
Enumerating objects: 3, done.
Counting objects: 100% (3/3), done.
Delta compression using up to 4 threads
Compressing objects: 100% (2/2), done.
Writing objects: 100% (3/3), 381 bytes | 381.00 KiB/s, done.
Total 3 (delta 0), reused 0 (delta 0), pack-reused 0 (from 0)
To https://github.com/hnpma/1aaJS2024.git
 * [new branch]      main -> main
branch 'main' set up to track 'origin/main'.

User@LAPTOP-51V5C2DB MINGW64 ~/Documents/1aaJS2024 (main)
$ git status
On branch main
Your branch is up to date with 'origin/main'.

nothing to commit, working tree clean

User@LAPTOP-51V5C2DB MINGW64 ~/Documents/1aaJS2024 (main)
$


9:50 AM 7/24/2024
I could not use JS2024practice08
//C:\Users\User\Documents\JS2024practice08
JS2024practice08 refusing to merge with remote
 I had made changes on remote 
  Then I made changes on local repo and
   tried to push to remote repo
 Gitbash asked me to pull 
   I tried to pull changes made to remote repo 
Gitbash displayed: refusing to merge unrelated histories


//JS2024practice01ab.js
   pushed to remote origin, but
was not in GitHub of Hnpma h2023sep15@outlook.com
// 8:53 AM 2/8/2024


